// Jest Snapshot v1, https://goo.gl/fbAQLP

exports[`<InputForm /> should render 1`] = `
<Form
  label="dummy label"
>
  <Input
    onChange={[MockFunction]}
    value="dummy value"
  />
</Form>
`;
